{"status_code":200,"success":true,"data":[{"ShopID":"732684","ShopName":"Itranigranart","ShopLat":"30.431","ShopLongt":"-9.57059","ShopRate":"5","RatePoints":"5","RateTime":"0","ShopRatedTime":"0","ShopOpen":"Open","ShopLogo":"https:\/\/qoon.app\/Patner\/partener\/Api\/photo\/w-997173240.png","ShopCover":"https:\/\/qoon.app\/Patner\/partener\/Api\/photo\/w-1465904156.png","ShopPhone":"+212707777751","ShopLogName":"Itranigranart","ShopPassword":"Azertt55","CategoryID":"92","Type":"Our","priority":"0","InHome":"NO","HasStory":"YES","StoryCount":"1","ShopFirebaseToken":"","Token":"f96cb1b3605ecd7cfed4771fa121459c62e1ef30ee88c25cf162369f9d2cb30992eba918dd67bcc2a07381a46c7d1e05bb363c041fb1372b81fbc31e2fa6e9c5","Loged":"NO","lastShopsUpdated":"2026-04-20 14:37:34","CreatedAtShops":"2024-05-09 07:25:43","AdminID":"1","LastPaid":"2024-05-09 07:25:43","CityID":"61","Email":"salaheddinenadim@gmail.com","FullName":"nadim","Status":"ACTIVE","googleshophkey":"NO","Balance":"0","OwnerPhone":"+212707077777","BakatID":"3","LANG":"FR","PaySub":"YES","BankName":"WaFa","BankNum":"12455271527526","ShopDomain":"","FB_AccessToken":"EAAXM3tZAadsMBRbGyZCP34Qc0VZAv7UWMxbiVCkFCZCRQChGfiZCyZAsG3IEikH4kR2mBAwXdhGVpvE49XZCRZBdlseEcNjkZBdSOZCkTbF8c6rK2MIFgvDpgZC1wU7a88rUUaqUj64hb9OWXcXchu3EYZCOYYantx4Q6QovOFpddkYsiZCsgeBRt7ZBF2ZAWHwNClZAdvcxEBZBo4o0o7W0y0yofsiKHYOQDPXOopSoZA8VTvwlAzl63ZBLxDJMSpSZAuyGZBpuqhzvs4p21RDoZCgRmMylom9uEKhKZAZAZCi2ZA2NwVwAbCBdy0jRMEoe9sfHiXONenXWOjVm8ZATmMJHyZCi","FB_PageID":"2164785670987819","IG_AccessToken":"","IG_AccountID":"","PostId":"246","ProductID":"0","PostText":"The weavers we work with are unique... just like the craftmanship they create. Say hello to Najat! \ud83d\ude0d","PostPhoto":"https:\/\/qoon.app\/Patner\/partener\/Api\/photo\/w-1047911273.png","PostPhoto2":"0","PostPhoto3":"0","PostPhoto4":"0","Video":"0","VideoThumbnail":"0","PostLikes":"10","Postcomments":"8","PostStatus":"ACTIVE","lastUpdatedPosts":"2026-04-20 12:03:56","CreatedAtPosts":"2024-05-09 08:35:03","BunnyV":"-","BunnyS":"-","AiChecked":"1","FoodID":null,"FoodName":null,"FoodDesc":null,"FoodCatID":null,"FoodPrice":null,"FoodOfferPrice":null,"FoodPhoto":null,"CreatedAtFoods":null,"Extraone":null,"Extratwo":null,"ExtraPriceOne":null,"ExtraPriceTwo":null,"KinzMadintySmallProductsID":null,"TodayOffer":null,"DeliveryTime":"","ReadyTime":null,"DeliveryPrice":null,"FoodPhoto2":null,"FoodPhoto3":null,"FoodPhoto4":null,"FoodPhoto5":null,"BuyQuantity":null,"distance":"3532.8095926163783","TypeSlider":"Slider","0":{"isLiked":"no"},"1":{}},{"ShopID":"732681","ShopName":"3alla9ni","ShopLat":"34.0209","ShopLongt":"-6.8416","ShopRate":"5","RatePoints":"5","RateTime":"0","ShopRatedTime":"0","ShopOpen":"Open","ShopLogo":"https:\/\/qoon.app\/Patner\/partener\/Api\/photo\/w-1709273224.png","ShopCover":"https:\/\/qoon.app\/Patner\/partener\/Api\/photo\/w-921306248.png","ShopPhone":"+212707777721","ShopLogName":"3alla9ni","ShopPassword":"azertt55","CategoryID":"67","Type":"Our","priority":"0","InHome":"NO","HasStory":"No","StoryCount":"1","ShopFirebaseToken":"","Token":"08ab3ce0dc55b7cbbb01d2192c438c29b0251be2518b0dd0645dd00faff8b97af74bea9c1ef7c7a16a459972c9ba4934d424cb031abd79543d6c73853562317e","Loged":"NO","lastShopsUpdated":"2026-04-20 14:37:34","CreatedAtShops":"2024-05-08 13:19:47","AdminID":"1","LastPaid":"2024-05-08 13:19:47","CityID":"57","Email":"salaheddinenadim@gmail.com","FullName":"Nadim","Status":"ACTIVE","googleshophkey":"NO","Balance":"0","OwnerPhone":"+212707777721","BakatID":"2","LANG":"FR","PaySub":"YES","BankName":"WaFa","BankNum":"12455271527526","ShopDomain":"","FB_AccessToken":"EAAXM3tZAadsMBRbGyZCP34Qc0VZAv7UWMxbiVCkFCZCRQChGfiZCyZAsG3IEikH4kR2mBAwXdhGVpvE49XZCRZBdlseEcNjkZBdSOZCkTbF8c6rK2MIFgvDpgZC1wU7a88rUUaqUj64hb9OWXcXchu3EYZCOYYantx4Q6QovOFpddkYsiZCsgeBRt7ZBF2ZAWHwNClZAdvcxEBZBo4o0o7W0y0yofsiKHYOQDPXOopSoZA8VTvwlAzl63ZBLxDJMSpSZAuyGZBpuqhzvs4p21RDoZCgRmMylom9uEKhKZAZAZCi2ZA2NwVwAbCBdy0jRMEoe9sfHiXONenXWOjVm8ZATmMJHyZCi","FB_PageID":"2164785670987819","IG_AccessToken":"","IG_AccountID":"","PostId":"242","ProductID":"0","PostText":"Illuminez vos plus beaux moments","PostPhoto":"https:\/\/qoon.app\/Patner\/partener\/Api\/photo\/w-1807775492.png","PostPhoto2":"0","PostPhoto3":"0","PostPhoto4":"0","Video":"0","VideoThumbnail":"0","PostLikes":"4","Postcomments":"2","PostStatus":"ACTIVE","lastUpdatedPosts":"2026-04-21 19:47:05","CreatedAtPosts":"2024-05-08 14:39:34","BunnyV":"-","BunnyS":"-","AiChecked":"1","FoodID":null,"FoodName":null,"FoodDesc":null,"FoodCatID":null,"FoodPrice":null,"FoodOfferPrice":null,"FoodPhoto":null,"CreatedAtFoods":null,"Extraone":null,"Extratwo":null,"ExtraPriceOne":null,"ExtraPriceTwo":null,"KinzMadintySmallProductsID":null,"TodayOffer":null,"DeliveryTime":"","ReadyTime":null,"DeliveryPrice":null,"FoodPhoto2":null,"FoodPhoto3":null,"FoodPhoto4":null,"FoodPhoto5":null,"BuyQuantity":null,"distance":"3850.7266841822284","TypeSlider":"Slider","0":{"isLiked":"no"},"1":{}},{"ShopID":"5613","ShopName":"Omega 3","ShopLat":"34.0209","ShopLongt":"-6.8416","ShopRate":"4.91304","RatePoints":"339","RateTime":"69","ShopRatedTime":"0","ShopOpen":"Open","ShopLogo":"https:\/\/qoon.app\/dash\/photo\/logo-5613-1776717577.png","ShopCover":"https:\/\/qoon.app\/dash\/photo\/w-864190482.png","ShopPhone":"0662-165644","ShopLogName":"Omega3","ShopPassword":"admin","CategoryID":"38","Type":"Our","priority":"0","InHome":"NO","HasStory":"YES","StoryCount":"4","ShopFirebaseToken":"f7LAUZhPM0XvuoQrKos1Xw:APA91bGnIjUrNqA5YLu82el5jlB87TJXaGrN5MK9MtjJP9bpPR8riblKTQTlqZnHBrqU2TiVYycZLxW22QCZKhtuPJKkm24FE1LM_twmnBDQwjblV_t6ayc","Token":"","Loged":"NO","lastShopsUpdated":"2026-04-22 11:37:21","CreatedAtShops":"2021-12-23 07:47:41","AdminID":"1","LastPaid":"2022-09-27 19:42:50","CityID":"57","Email":"Nadim@gmail.com","FullName":"None","Status":"ACTIVE","googleshophkey":"NO","Balance":"5413","OwnerPhone":"0655552555","BakatID":"2","LANG":"EN","PaySub":"YES","BankName":"WaFa","BankNum":"12455271527526","ShopDomain":"nadim.ma","FB_AccessToken":"","FB_PageID":"","IG_AccessToken":"","IG_AccountID":"","PostId":"306","ProductID":"433","PostText":"ee","PostPhoto":"https:\/\/ui-avatars.com\/api\/?name=Video&background=000000&color=FFFFFF&size=400","PostPhoto2":"0","PostPhoto3":"0","PostPhoto4":"0","Video":"https:\/\/qoon.app\/dash\/photo\/v-1355023489.mp4","VideoThumbnail":"https:\/\/ui-avatars.com\/api\/?name=Video&background=000000&color=FFFFFF&size=400","PostLikes":"0","Postcomments":"0","PostStatus":"ACTIVE","lastUpdatedPosts":"2026-04-20 11:49:58","CreatedAtPosts":"2026-04-20 12:49:49","BunnyV":"0","BunnyS":"0","AiChecked":"0","FoodID":"433","FoodName":"Angulas","FoodDesc":"Angulas","FoodCatID":"160","FoodPrice":"300","FoodOfferPrice":"300","FoodPhoto":"https:\/\/qoon.app\/jibler\/admin\/jbler\/shops\/jblerShop\/photo\/Api\/photo\/photo\/w-1830453644.png","CreatedAtFoods":"2022-09-14 07:45:27","Extraone":"no","Extratwo":"no","ExtraPriceOne":"0","ExtraPriceTwo":"0","KinzMadintySmallProductsID":"0","TodayOffer":"NO","DeliveryTime":"WorkTime","ReadyTime":"1","DeliveryPrice":"0","FoodPhoto2":null,"FoodPhoto3":null,"FoodPhoto4":null,"FoodPhoto5":null,"BuyQuantity":"0","distance":"3850.7266841822284","TypeSlider":"Slider","0":{"isLiked":"no"},"1":{"FoodID":"433","FoodName":"Angulas","FoodDesc":"Angulas","FoodCatID":"160","FoodPrice":"300","FoodOfferPrice":"300","FoodPhoto":"https:\/\/qoon.app\/jibler\/admin\/jbler\/shops\/jblerShop\/photo\/Api\/photo\/photo\/w-1830453644.png","CreatedAtFoods":"2022-09-14 07:45:27","Extraone":"no","0":[],"FoodPhoto4":null,"FoodPhoto5":null,"BuyQuantity":"0","CategoryShopID":"160","ShopID":"5613","CategoryName":"FRUIT DE MER","ShopName":"Omega 3","ShopLat":"34.0209","ShopLongt":"-6.8416","ShopRate":"4.91304","RatePoints":"339","RateTime":"69","ShopRatedTime":"0","ShopOpen":"Open","ShopLogo":"https:\/\/qoon.app\/dash\/photo\/logo-5613-1776717577.png","ShopCover":"https:\/\/qoon.app\/dash\/photo\/w-864190482.png","ShopPhone":"0662-165644","ShopLogName":"Omega3","ShopPassword":"admin","CategoryID":"38","Type":"Top","priority":"12","InHome":"NO","HasStory":"YES","StoryCount":"4","ShopFirebaseToken":"f7LAUZhPM0XvuoQrKos1Xw:APA91bGnIjUrNqA5YLu82el5jlB87TJXaGrN5MK9MtjJP9bpPR8riblKTQTlqZnHBrqU2TiVYycZLxW22QCZKhtuPJKkm24FE1LM_twmnBDQwjblV_t6ayc","Token":"","Loged":"NO","lastShopsUpdated":"2026-04-22 11:37:21","CreatedAtShops":"2021-12-23 07:47:41","AdminID":"1","LastPaid":"2022-09-27 19:42:50","CityID":"57","Email":"Nadim@gmail.com","FullName":"None","Status":"ACTIVE","googleshophkey":"NO","Balance":"5413","OwnerPhone":"0655552555","BakatID":"2","LANG":"EN","PaySub":"YES","BankName":"WaFa","BankNum":"12455271527526","ShopDomain":"nadim.ma","FB_AccessToken":"","FB_PageID":"","IG_AccessToken":"","IG_AccountID":"","CategoryId":"38","ArabCategory":"","EnglishCategory":"Restaurant","FrenchCategory":"Restaurant","Photo":"https:\/\/qoon.app\/dash\/photo\/w-1474170710.png","CreatedAtCategories":"2021-06-15 16:05:41","CatLongt":"0","CatLat":"0","DisplayAll":"NO","Pro":"Normal","PercForOrder":"10"}},{"ShopID":"5613","ShopName":"Omega 3","ShopLat":"34.0209","ShopLongt":"-6.8416","ShopRate":"4.91304","RatePoints":"339","RateTime":"69","ShopRatedTime":"0","ShopOpen":"Open","ShopLogo":"https:\/\/qoon.app\/dash\/photo\/logo-5613-1776717577.png","ShopCover":"https:\/\/qoon.app\/dash\/photo\/w-864190482.png","ShopPhone":"0662-165644","ShopLogName":"Omega3","ShopPassword":"admin","CategoryID":"38","Type":"Our","priority":"0","InHome":"NO","HasStory":"YES","StoryCount":"4","ShopFirebaseToken":"f7LAUZhPM0XvuoQrKos1Xw:APA91bGnIjUrNqA5YLu82el5jlB87TJXaGrN5MK9MtjJP9bpPR8riblKTQTlqZnHBrqU2TiVYycZLxW22QCZKhtuPJKkm24FE1LM_twmnBDQwjblV_t6ayc","Token":"","Loged":"NO","lastShopsUpdated":"2026-04-22 11:37:21","CreatedAtShops":"2021-12-23 07:47:41","AdminID":"1","LastPaid":"2022-09-27 19:42:50","CityID":"57","Email":"Nadim@gmail.com","FullName":"None","Status":"ACTIVE","googleshophkey":"NO","Balance":"5413","OwnerPhone":"0655552555","BakatID":"2","LANG":"EN","PaySub":"YES","BankName":"WaFa","BankNum":"12455271527526","ShopDomain":"nadim.ma","FB_AccessToken":"","FB_PageID":"","IG_AccessToken":"","IG_AccountID":"","PostId":"257","ProductID":"410","PostText":"Seafood lovers\nrejoice Our menu is a treasure trove of ocean\nSoup centolla \ud83c\udf72\ud83e\udd70\ud83c\udf5c\n","PostPhoto":"https:\/\/qoon.app\/Patner\/partener\/Api\/photo\/w-896778889.png","PostPhoto2":"https:\/\/qoon.app\/\/Patner\/partener\/Api\/photo\/w-875044544.png","PostPhoto3":"0","PostPhoto4":"0","Video":"0","VideoThumbnail":"0","PostLikes":"2","Postcomments":"2","PostStatus":"ACTIVE","lastUpdatedPosts":"2026-04-20 12:07:02","CreatedAtPosts":"2025-11-02 12:48:25","BunnyV":"-","BunnyS":"-","AiChecked":"1","FoodID":"410","FoodName":"Pulpe","FoodDesc":"Pulpe","FoodCatID":"154","FoodPrice":"80","FoodOfferPrice":"80","FoodPhoto":"https:\/\/qoon.app\/jibler\/admin\/jbler\/shops\/jblerShop\/photo\/Api\/photo\/photo\/w-637551669.png","CreatedAtFoods":"2022-09-14 06:58:32","Extraone":"no","Extratwo":"no","ExtraPriceOne":"0","ExtraPriceTwo":"0","KinzMadintySmallProductsID":"0","TodayOffer":"NO","DeliveryTime":"WorkTime","ReadyTime":"1","DeliveryPrice":"0","FoodPhoto2":null,"FoodPhoto3":null,"FoodPhoto4":null,"FoodPhoto5":null,"BuyQuantity":"0","distance":"3850.7266841822284","TypeSlider":"Slider","0":{"isLiked":"no"},"1":{"FoodID":"410","FoodName":"Pulpe","FoodDesc":"Pulpe","FoodCatID":"154","FoodPrice":"80","FoodOfferPrice":"80","FoodPhoto":"https:\/\/qoon.app\/jibler\/admin\/jbler\/shops\/jblerShop\/photo\/Api\/photo\/photo\/w-637551669.png","CreatedAtFoods":"2022-09-14 06:58:32","Extraone":"no","0":[],"FoodPhoto4":null,"FoodPhoto5":null,"BuyQuantity":"0","CategoryShopID":"154","ShopID":"5613","CategoryName":"CASUELAS ","ShopName":"Omega 3","ShopLat":"34.0209","ShopLongt":"-6.8416","ShopRate":"4.91304","RatePoints":"339","RateTime":"69","ShopRatedTime":"0","ShopOpen":"Open","ShopLogo":"https:\/\/qoon.app\/dash\/photo\/logo-5613-1776717577.png","ShopCover":"https:\/\/qoon.app\/dash\/photo\/w-864190482.png","ShopPhone":"0662-165644","ShopLogName":"Omega3","ShopPassword":"admin","CategoryID":"38","Type":"Top","priority":"12","InHome":"NO","HasStory":"YES","StoryCount":"4","ShopFirebaseToken":"f7LAUZhPM0XvuoQrKos1Xw:APA91bGnIjUrNqA5YLu82el5jlB87TJXaGrN5MK9MtjJP9bpPR8riblKTQTlqZnHBrqU2TiVYycZLxW22QCZKhtuPJKkm24FE1LM_twmnBDQwjblV_t6ayc","Token":"","Loged":"NO","lastShopsUpdated":"2026-04-22 11:37:21","CreatedAtShops":"2021-12-23 07:47:41","AdminID":"1","LastPaid":"2022-09-27 19:42:50","CityID":"57","Email":"Nadim@gmail.com","FullName":"None","Status":"ACTIVE","googleshophkey":"NO","Balance":"5413","OwnerPhone":"0655552555","BakatID":"2","LANG":"EN","PaySub":"YES","BankName":"WaFa","BankNum":"12455271527526","ShopDomain":"nadim.ma","FB_AccessToken":"","FB_PageID":"","IG_AccessToken":"","IG_AccountID":"","CategoryId":"38","ArabCategory":"","EnglishCategory":"Restaurant","FrenchCategory":"Restaurant","Photo":"https:\/\/qoon.app\/dash\/photo\/w-1474170710.png","CreatedAtCategories":"2021-06-15 16:05:41","CatLongt":"0","CatLat":"0","DisplayAll":"NO","Pro":"Normal","PercForOrder":"10"}},{"ShopID":"6114","ShopName":"Brothers Food","ShopLat":"35.735","ShopLongt":"-5.85282","ShopRate":"5","RatePoints":"5","RateTime":"0","ShopRatedTime":"0","ShopOpen":"Open","ShopLogo":"https:\/\/qoon.app\/Patner\/partener\/Api\/photo\/w-1555723694.png","ShopCover":"https:\/\/qoon.app\/Patner\/partener\/Api\/photo\/w-814445944.png","ShopPhone":"+212707777722","ShopLogName":"BrothersFood","ShopPassword":"admin","CategoryID":"38","Type":"Our","priority":"0","InHome":"NO","HasStory":"YES","StoryCount":"1","ShopFirebaseToken":"","Token":"","Loged":"NO","lastShopsUpdated":"2026-04-20 14:37:34","CreatedAtShops":"2021-12-30 06:53:14","AdminID":"1","LastPaid":"2022-09-27 19:42:50","CityID":"52","Email":"None","FullName":"None","Status":"ACTIVE","googleshophkey":"NO","Balance":"0","OwnerPhone":"","BakatID":"2","LANG":"FR","PaySub":"Yes","BankName":"WaFa","BankNum":"12455271527526","ShopDomain":"","FB_AccessToken":"EAAXM3tZAadsMBRbGyZCP34Qc0VZAv7UWMxbiVCkFCZCRQChGfiZCyZAsG3IEikH4kR2mBAwXdhGVpvE49XZCRZBdlseEcNjkZBdSOZCkTbF8c6rK2MIFgvDpgZC1wU7a88rUUaqUj64hb9OWXcXchu3EYZCOYYantx4Q6QovOFpddkYsiZCsgeBRt7ZBF2ZAWHwNClZAdvcxEBZBo4o0o7W0y0yofsiKHYOQDPXOopSoZA8VTvwlAzl63ZBLxDJMSpSZAuyGZBpuqhzvs4p21RDoZCgRmMylom9uEKhKZAZAZCi2ZA2NwVwAbCBdy0jRMEoe9sfHiXONenXWOjVm8ZATmMJHyZCi","FB_PageID":"2164785670987819","IG_AccessToken":"","IG_AccountID":"","PostId":"121","ProductID":"0","PostText":"\u062c\u0645\u0639\u0629 \u0645\u0628\u0627\u0631\u0643\u0629 \u0639\u0644\u064a\u0643\u0645 \u0628\u0627\u0644\u0635\u062d\u0629 \u0648\u0627\u0644\u0639\u0627\u0641\u064a\u0629 \u064a\u0627\u0631\u0628.\n\u0643\u0633\u0643\u0633 \u0645\u063a\u0631\u0628\u064a \u0645\u0631\u062d\u0628\u0627 \u0628\u0643\u0645","PostPhoto":"https:\/\/qoon.app\/Patner\/partener\/Api\/photo\/w-1078958555.png","PostPhoto2":"","PostPhoto3":"","PostPhoto4":"","Video":"","VideoThumbnail":"","PostLikes":"1","Postcomments":"4","PostStatus":"ACTIVE","lastUpdatedPosts":"2026-04-21 19:45:05","CreatedAtPosts":"2023-02-02 15:53:20","BunnyV":"-","BunnyS":"-","AiChecked":"1","FoodID":null,"FoodName":null,"FoodDesc":null,"FoodCatID":null,"FoodPrice":null,"FoodOfferPrice":null,"FoodPhoto":null,"CreatedAtFoods":null,"Extraone":null,"Extratwo":null,"ExtraPriceOne":null,"ExtraPriceTwo":null,"KinzMadintySmallProductsID":null,"TodayOffer":null,"DeliveryTime":"","ReadyTime":null,"DeliveryPrice":null,"FoodPhoto2":null,"FoodPhoto3":null,"FoodPhoto4":null,"FoodPhoto5":null,"BuyQuantity":null,"distance":"4020.613598263157","TypeSlider":"Slider","0":{"isLiked":"no"},"1":{}}],"message":"sucssesfully","PageObject":{"allresult":"12","currentpage":0,"hasNextPage":true}}
